[livedemo00.template-help.com/wt_58985_v1/index.html]
[backblue.gif]
[fade.gif]
[index.html]
[livedemo00.template-help.com/cdn-cgi/apps/head/3ts2ksMwXvKRuG480KNifJ2_JNM.js]
[livedemo00.template-help.com/wt_58985_v1/images/favicon.ico]
[livedemo00.template-help.com/wt_58985_v1/css/fonts.css]
[livedemo00.template-help.com/wt_58985_v1/css/bootstrap.css]
[livedemo00.template-help.com/wt_58985_v1/css/style.css]
[livedemo00.template-help.com/wt_58985_v1/index-2.html]
[livedemo00.template-help.com/wt_58985_v1/images/logo-default-169x42.png]
[livedemo00.template-help.com/wt_58985_v1/images/logo-inverse2-169x42.png]
[livedemo00.template-help.com/wt_58985_v1/about.html]
[livedemo00.template-help.com/wt_58985_v1/search_engine.html]
[livedemo00.template-help.com/wt_58985_v1/social_media.html]
[livedemo00.template-help.com/wt_58985_v1/mail_marketing.html]
[livedemo00.template-help.com/wt_58985_v1/management.html]
[livedemo00.template-help.com/wt_58985_v1/web_design.html]
[livedemo00.template-help.com/wt_58985_v1/content_marketing.html]
[livedemo00.template-help.com/wt_58985_v1/advertising.html]
[livedemo00.template-help.com/wt_58985_v1/contextual.html]
[livedemo00.template-help.com/wt_58985_v1/local_seo.html]
[livedemo00.template-help.com/wt_58985_v1/projects.html]
[livedemo00.template-help.com/wt_58985_v1/clients.html]
[livedemo00.template-help.com/wt_58985_v1/partners.html]
[livedemo00.template-help.com/wt_58985_v1/privacy.html]
[livedemo00.template-help.com/wt_58985_v1/sitemap.html]
[livedemo00.template-help.com/wt_58985_v1/404.html]
[livedemo00.template-help.com/wt_58985_v1/503.html]
[livedemo00.template-help.com/wt_58985_v1/quote.html]
[livedemo00.template-help.com/wt_58985_v1/team.html]
[livedemo00.template-help.com/wt_58985_v1/team_member.html]
[livedemo00.template-help.com/wt_58985_v1/careers.html]
[livedemo00.template-help.com/wt_58985_v1/faq.html]
[livedemo00.template-help.com/wt_58985_v1/pricing.html]
[livedemo00.template-help.com/wt_58985_v1/coming.html]
[livedemo00.template-help.com/wt_58985_v1/maintenance.html]
[livedemo00.template-help.com/wt_58985_v1/construction.html]
[livedemo00.template-help.com/wt_58985_v1/login.html]
[livedemo00.template-help.com/wt_58985_v1/single_project.html]
[livedemo00.template-help.com/wt_58985_v1/services.html]
[livedemo00.template-help.com/wt_58985_v1/analysis.html]
[livedemo00.template-help.com/wt_58985_v1/corporate_header.html]
[livedemo00.template-help.com/wt_58985_v1/transparent_header.html]
[livedemo00.template-help.com/wt_58985_v1/center_header.html]
[livedemo00.template-help.com/wt_58985_v1/minimal_header.html]
[livedemo00.template-help.com/wt_58985_v1/hamburger.html]
[livedemo00.template-help.com/wt_58985_v1/corporate_header_2.html]
[livedemo00.template-help.com/wt_58985_v1/typography.html]
[livedemo00.template-help.com/wt_58985_v1/tabs.html]
[livedemo00.template-help.com/wt_58985_v1/buttons.html]
[livedemo00.template-help.com/wt_58985_v1/icons.html]
[livedemo00.template-help.com/wt_58985_v1/grid.html]
[livedemo00.template-help.com/wt_58985_v1/tables.html]
[livedemo00.template-help.com/wt_58985_v1/forms.html]
[livedemo00.template-help.com/wt_58985_v1/progress_bars.html]
[livedemo00.template-help.com/wt_58985_v1/grid_gallery.html]
[livedemo00.template-help.com/wt_58985_v1/no_padding.html]
[livedemo00.template-help.com/wt_58985_v1/cobbles.html]
[livedemo00.template-help.com/wt_58985_v1/masonry_gallery.html]
[livedemo00.template-help.com/wt_58985_v1/default_blog.html]
[livedemo00.template-help.com/wt_58985_v1/grid_blog.html]
[livedemo00.template-help.com/wt_58985_v1/masonry_blog.html]
[livedemo00.template-help.com/wt_58985_v1/modern_blog.html]
[livedemo00.template-help.com/wt_58985_v1/blog-post.html]
[livedemo00.template-help.com/wt_58985_v1/contacts.html]
[livedemo00.template-help.com/wt_58985_v1/images/index-3-170x170.jpg]
[livedemo00.template-help.com/wt_58985_v1/images/index-4-170x170.jpg]
[livedemo00.template-help.com/wt_58985_v1/images/index-5-170x170.jpg]
[livedemo00.template-help.com/wt_58985_v1/images/index-7-70x70.jpg]
[livedemo00.template-help.com/wt_58985_v1/images/index-8-70x70.jpg]
[livedemo00.template-help.com/wt_58985_v1/images/index-9-70x70.jpg]
[livedemo00.template-help.com/wt_58985_v1/images/index-10-150x150.png]
[livedemo00.template-help.com/wt_58985_v1/images/index-11-150x150.png]
[livedemo00.template-help.com/wt_58985_v1/images/index-12-150x150.png]
[livedemo00.template-help.com/wt_58985_v1/images/index-13-150x150.png]
[livedemo00.template-help.com/wt_58985_v1/images/index-14-150x150.png]
[livedemo00.template-help.com/wt_58985_v1/images/index-16-420x300.jpg]
[livedemo00.template-help.com/wt_58985_v1/images/index-17-420x300.jpg]
[livedemo00.template-help.com/wt_58985_v1/images/index-18-420x300.jpg]
[livedemo00.template-help.com/wt_58985_v1/images/index-19-420x300.jpg]
[livedemo00.template-help.com/wt_58985_v1/blog.html]
[livedemo00.template-help.com/cdn-cgi/scripts/5c5dd728/cloudflare-static/email-decode.min.js]
[livedemo00.template-help.com/wt_58985_v1/js/script.js]
[livedemo00.template-help.com/wt_58985_v1/js/core.min.js]
[livedemo00.template-help.com/wt_58985_v1/index.html]
[livedemo00.template-help.com/wt_58985_v1/fonts/fontawesome-webfont3295.eot]
[livedemo00.template-help.com/wt_58985_v1/fonts/fontawesome-webfontd41d.eot]
[livedemo00.template-help.com/wt_58985_v1/fonts/fontawesome-webfont3295.woff2]
[livedemo00.template-help.com/wt_58985_v1/fonts/fontawesome-webfont3295.woff]
[livedemo00.template-help.com/wt_58985_v1/fonts/fontawesome-webfont3295.ttf]
[livedemo00.template-help.com/wt_58985_v1/fonts/fontawesome-webfont3295.svg]
[livedemo00.template-help.com/wt_58985_v1/fonts/materialdesignicons-webfont14e6.eot]
[livedemo00.template-help.com/wt_58985_v1/fonts/materialdesignicons-webfontd41d.eot]
[livedemo00.template-help.com/wt_58985_v1/fonts/materialdesignicons-webfont14e6.woff2]
[livedemo00.template-help.com/wt_58985_v1/fonts/materialdesignicons-webfont14e6.woff]
[livedemo00.template-help.com/wt_58985_v1/fonts/materialdesignicons-webfont14e6.ttf]
[livedemo00.template-help.com/wt_58985_v1/css/fonts.css]
[livedemo00.template-help.com/wt_58985_v1/css/bootstrap.css]
[livedemo00.template-help.com/wt_58985_v1/images/index-1-1920x630.jpg]
[livedemo00.template-help.com/wt_58985_v1/fonts/materialdesignicons-webfont14e6.svg]
[livedemo00.template-help.com/wt_58985_v1/images/header-transparent-1-1920x709.jpg]
[livedemo00.template-help.com/wt_58985_v1/css/style.css]
[livedemo00.template-help.com/wt_58985_v1/index-2.html]
[livedemo00.template-help.com/wt_58985_v1/images/about-1-570x320.jpg]
[livedemo00.template-help.com/wt_58985_v1/about.html]
[livedemo00.template-help.com/wt_58985_v1/images/seo_1-470x367.png]
[livedemo00.template-help.com/wt_58985_v1/images/seo_2-540x330.jpg]
[livedemo00.template-help.com/wt_58985_v1/images/services-3-240x194.png]
[livedemo00.template-help.com/wt_58985_v1/images/services-4-240x194.png]
[livedemo00.template-help.com/wt_58985_v1/images/services-5-240x194.png]
[livedemo00.template-help.com/wt_58985_v1/images/services-6-240x194.png]
[livedemo00.template-help.com/wt_58985_v1/images/services-7-240x194.png]
[livedemo00.template-help.com/wt_58985_v1/images/services-8-240x194.png]
[livedemo00.template-help.com/wt_58985_v1/images/services-9-240x194.png]
[livedemo00.template-help.com/wt_58985_v1/images/services-10-240x194.png]
[livedemo00.template-help.com/wt_58985_v1/search_engine.html]
[livedemo00.template-help.com/wt_58985_v1/images/social_media-1-408x368.png]
[livedemo00.template-help.com/wt_58985_v1/images/social_media-1-540x330.jpg]
[livedemo00.template-help.com/wt_58985_v1/images/services-2-240x194.png]
[livedemo00.template-help.com/wt_58985_v1/social_media.html]
[livedemo00.template-help.com/wt_58985_v1/images/mail_marketing-1-330x369.png]
[livedemo00.template-help.com/wt_58985_v1/images/mail_marketing-1-540x330.jpg]
[livedemo00.template-help.com/wt_58985_v1/mail_marketing.html]
[livedemo00.template-help.com/wt_58985_v1/images/management-1-442x326.png]
[livedemo00.template-help.com/wt_58985_v1/management.html]
[livedemo00.template-help.com/wt_58985_v1/images/web_design_1-340x331.png]
[livedemo00.template-help.com/wt_58985_v1/images/web_design_2-540x330.jpg]
[livedemo00.template-help.com/wt_58985_v1/web_design.html]
[livedemo00.template-help.com/wt_58985_v1/images/content_marketing-1-289x331.png]
[livedemo00.template-help.com/wt_58985_v1/images/content_marketing-2-540x330.jpg]
[livedemo00.template-help.com/wt_58985_v1/content_marketing.html]
[livedemo00.template-help.com/wt_58985_v1/images/advertising-1-275x330.png]
[livedemo00.template-help.com/wt_58985_v1/images/advertising-2-541x331.jpg]
[livedemo00.template-help.com/wt_58985_v1/advertising.html]
[livedemo00.template-help.com/wt_58985_v1/images/contextual-1-350x330.png]
[livedemo00.template-help.com/wt_58985_v1/images/contextual-2-540x330.jpg]
[livedemo00.template-help.com/wt_58985_v1/contextual.html]
[livedemo00.template-help.com/wt_58985_v1/images/local_seo-1-341x317.png]
[livedemo00.template-help.com/wt_58985_v1/images/local_seo_2-540x330.jpg]
[livedemo00.template-help.com/wt_58985_v1/local_seo.html]
[livedemo00.template-help.com/wt_58985_v1/images/projects-1-370x318.jpg]
[livedemo00.template-help.com/wt_58985_v1/images/projects-2-370x318.jpg]
[livedemo00.template-help.com/wt_58985_v1/images/projects-3-370x318.jpg]
[livedemo00.template-help.com/wt_58985_v1/projects.html]
[livedemo00.template-help.com/wt_58985_v1/images/clients-1-150x135.png]
[livedemo00.template-help.com/wt_58985_v1/images/clients-2-150x101.png]
[livedemo00.template-help.com/wt_58985_v1/images/clients-3-150x129.png]
[livedemo00.template-help.com/wt_58985_v1/images/clients-4-150x91.png]
[livedemo00.template-help.com/wt_58985_v1/images/clients-5-150x135.png]
[livedemo00.template-help.com/wt_58985_v1/images/clients-6-150x135.png]
[livedemo00.template-help.com/wt_58985_v1/images/clients-7-150x135.png]
[livedemo00.template-help.com/wt_58985_v1/images/clients-8-240x206.png]
[livedemo00.template-help.com/wt_58985_v1/clients.html]
[livedemo00.template-help.com/wt_58985_v1/partners.html]
[livedemo00.template-help.com/wt_58985_v1/privacy.html]
[livedemo00.template-help.com/wt_58985_v1/sitemap.html]
[livedemo00.template-help.com/wt_58985_v1/images/logo-inverse-169x42.png]
[livedemo00.template-help.com/wt_58985_v1/404.html]
[livedemo00.template-help.com/wt_58985_v1/503.html]
[livedemo00.template-help.com/wt_58985_v1/images/quote-1-359x250.png]
[livedemo00.template-help.com/wt_58985_v1/quote.html]
[livedemo00.template-help.com/wt_58985_v1/images/team-1-170x170.jpg]
[livedemo00.template-help.com/wt_58985_v1/images/team-2-100x100.jpg]
[livedemo00.template-help.com/wt_58985_v1/images/team-3-100x100.jpg]
[livedemo00.template-help.com/wt_58985_v1/images/team-4-100x100.jpg]
[livedemo00.template-help.com/wt_58985_v1/images/team-5-320x480.jpg]
[livedemo00.template-help.com/wt_58985_v1/images/team-6-320x480.jpg]
[livedemo00.template-help.com/wt_58985_v1/images/team-7-320x480.jpg]
[livedemo00.template-help.com/wt_58985_v1/images/team-8-320x480.jpg]
[livedemo00.template-help.com/wt_58985_v1/images/team-9-320x480.jpg]
[livedemo00.template-help.com/wt_58985_v1/images/team-10-320x480.jpg]
[livedemo00.template-help.com/wt_58985_v1/team.html]
[livedemo00.template-help.com/wt_58985_v1/images/team-member-1-350x350.jpg]
[livedemo00.template-help.com/wt_58985_v1/images/team-member-2-270x270.jpg]
[livedemo00.template-help.com/wt_58985_v1/images/team-member-3-270x270.jpg]
[livedemo00.template-help.com/wt_58985_v1/images/team-member-4-270x270.jpg]
[livedemo00.template-help.com/wt_58985_v1/images/team-member-5-270x270.jpg]
[livedemo00.template-help.com/wt_58985_v1/team_member.html]
[livedemo00.template-help.com/wt_58985_v1/images/careers-1-700x541.png]
[livedemo00.template-help.com/wt_58985_v1/images/careers-2-670x378.jpg]
[livedemo00.template-help.com/wt_58985_v1/careers.html]
[livedemo00.template-help.com/wt_58985_v1/faq.html]
[livedemo00.template-help.com/wt_58985_v1/pricing.html]
[livedemo00.template-help.com/wt_58985_v1/coming.html]
[livedemo00.template-help.com/wt_58985_v1/maintenance.html]
[livedemo00.template-help.com/wt_58985_v1/construction.html]
[livedemo00.template-help.com/wt_58985_v1/login.html]
[livedemo00.template-help.com/wt_58985_v1/images/single_project-1-548x602.png]
[livedemo00.template-help.com/wt_58985_v1/single_project.html]
[livedemo00.template-help.com/wt_58985_v1/images/services-1-570x381.jpg]
[livedemo00.template-help.com/wt_58985_v1/services.html]
[livedemo00.template-help.com/wt_58985_v1/images/analysis-1-230x250.png]
[livedemo00.template-help.com/wt_58985_v1/analysis.html]
[livedemo00.template-help.com/wt_58985_v1/corporate_header.html]
[livedemo00.template-help.com/wt_58985_v1/transparent_header.html]
[livedemo00.template-help.com/wt_58985_v1/center_header.html]
[livedemo00.template-help.com/wt_58985_v1/minimal_header.html]
[livedemo00.template-help.com/wt_58985_v1/hamburger.html]
[livedemo00.template-help.com/wt_58985_v1/corporate_header_2.html]
[livedemo00.template-help.com/wt_58985_v1/images/typography-1-770x510.jpg]
[livedemo00.template-help.com/wt_58985_v1/typography.html]
[livedemo00.template-help.com/wt_58985_v1/tabs.html]
[livedemo00.template-help.com/wt_58985_v1/icons.html]
[livedemo00.template-help.com/wt_58985_v1/buttons.html]
[livedemo00.template-help.com/wt_58985_v1/grid.html]
[livedemo00.template-help.com/wt_58985_v1/tables.html]
[livedemo00.template-help.com/wt_58985_v1/forms.html]
[livedemo00.template-help.com/wt_58985_v1/progress_bars.html]
[livedemo00.template-help.com/wt_58985_v1/images/grid-gallery-1-370x240.jpg]
[livedemo00.template-help.com/wt_58985_v1/images/grid-gallery-2-370x240.jpg]
[livedemo00.template-help.com/wt_58985_v1/images/grid-gallery-3-370x240.jpg]
[livedemo00.template-help.com/wt_58985_v1/images/grid-gallery-4-370x240.jpg]
[livedemo00.template-help.com/wt_58985_v1/images/grid-gallery-5-370x240.jpg]
[livedemo00.template-help.com/wt_58985_v1/images/grid-gallery-6-370x240.jpg]
[livedemo00.template-help.com/wt_58985_v1/images/grid-gallery-7-370x240.jpg]
[livedemo00.template-help.com/wt_58985_v1/images/grid-gallery-8-370x240.jpg]
[livedemo00.template-help.com/wt_58985_v1/images/grid-gallery-9-370x240.jpg]
[livedemo00.template-help.com/wt_58985_v1/grid_gallery.html]
[livedemo00.template-help.com/wt_58985_v1/images/no_padding-1-390x255.jpg]
[livedemo00.template-help.com/wt_58985_v1/images/no_padding-2-390x255.jpg]
[livedemo00.template-help.com/wt_58985_v1/images/no_padding-3-390x255.jpg]
[livedemo00.template-help.com/wt_58985_v1/images/no_padding-4-390x255.jpg]
[livedemo00.template-help.com/wt_58985_v1/images/no_padding-5-390x255.jpg]
[livedemo00.template-help.com/wt_58985_v1/images/no_padding-6-390x255.jpg]
[livedemo00.template-help.com/wt_58985_v1/images/no_padding-7-390x255.jpg]
[livedemo00.template-help.com/wt_58985_v1/images/no_padding-8-390x255.jpg]
[livedemo00.template-help.com/wt_58985_v1/images/no_padding-9-390x255.jpg]
[livedemo00.template-help.com/wt_58985_v1/no_padding.html]
[livedemo00.template-help.com/wt_58985_v1/images/cobbless-1-768x500.jpg]
[livedemo00.template-help.com/wt_58985_v1/images/cobbless-2-384x250.jpg]
[livedemo00.template-help.com/wt_58985_v1/images/cobbless-3-768x500.jpg]
[livedemo00.template-help.com/wt_58985_v1/images/cobbless-6-384x250.jpg]
[livedemo00.template-help.com/wt_58985_v1/images/cobbless-4-384x250.jpg]
[livedemo00.template-help.com/wt_58985_v1/images/cobbless-5-384x250.jpg]
[livedemo00.template-help.com/wt_58985_v1/images/cobbless-7-384x250.jpg]
[livedemo00.template-help.com/wt_58985_v1/images/cobbless-8-384x250.jpg]
[livedemo00.template-help.com/wt_58985_v1/cobbles.html]
[livedemo00.template-help.com/wt_58985_v1/images/masonry-gallery-1-370x510.jpg]
[livedemo00.template-help.com/wt_58985_v1/images/masonry-gallery-2-370x240.jpg]
[livedemo00.template-help.com/wt_58985_v1/images/masonry-gallery-3-370x510.jpg]
[livedemo00.template-help.com/wt_58985_v1/images/masonry-gallery-5-370x510.jpg]
[livedemo00.template-help.com/wt_58985_v1/images/masonry-gallery-4-370x240.jpg]
[livedemo00.template-help.com/wt_58985_v1/images/masonry-gallery-6-370x240.jpg]
[livedemo00.template-help.com/wt_58985_v1/masonry_gallery.html]
[livedemo00.template-help.com/wt_58985_v1/images/default-blog-1-770x470.jpg]
[livedemo00.template-help.com/wt_58985_v1/images/default-blog-2-770x470.jpg]
[livedemo00.template-help.com/wt_58985_v1/images/default-blog-3-770x470.jpg]
[livedemo00.template-help.com/wt_58985_v1/images/default-blog-4-770x470.jpg]
[livedemo00.template-help.com/wt_58985_v1/images/sidebar-1_original.jpg]
[livedemo00.template-help.com/wt_58985_v1/images/sidebar-1-160x160.jpg]
[livedemo00.template-help.com/wt_58985_v1/images/sidebar-2_original.jpg]
[livedemo00.template-help.com/wt_58985_v1/images/sidebar-2-160x160.jpg]
[livedemo00.template-help.com/wt_58985_v1/images/sidebar-3_original.jpg]
[livedemo00.template-help.com/wt_58985_v1/images/sidebar-3-160x160.jpg]
[livedemo00.template-help.com/wt_58985_v1/images/sidebar-4_original.jpg]
[livedemo00.template-help.com/wt_58985_v1/images/sidebar-4-160x160.jpg]
[livedemo00.template-help.com/wt_58985_v1/images/sidebar-5_original.jpg]
[livedemo00.template-help.com/wt_58985_v1/images/sidebar-5-160x160.jpg]
[livedemo00.template-help.com/wt_58985_v1/images/sidebar-6_original.jpg]
[livedemo00.template-help.com/wt_58985_v1/images/sidebar-6-160x160.jpg]
[livedemo00.template-help.com/wt_58985_v1/images/sidebar-7-340x500.jpg]
[livedemo00.template-help.com/wt_58985_v1/default_blog.html]
[livedemo00.template-help.com/wt_58985_v1/images/grid-blog-1-370x300.jpg]
[livedemo00.template-help.com/wt_58985_v1/images/grid-blog-2-370x247.jpg]
[livedemo00.template-help.com/wt_58985_v1/images/grid-blog-3-370x247.jpg]
[livedemo00.template-help.com/wt_58985_v1/images/grid-blog-4-370x300.jpg]
[livedemo00.template-help.com/wt_58985_v1/grid_blog.html]
[livedemo00.template-help.com/wt_58985_v1/masonry_blog.html]
[livedemo00.template-help.com/wt_58985_v1/images/modern-blog-1-570x368.jpg]
[livedemo00.template-help.com/wt_58985_v1/images/modern-blog-2-570x359.jpg]
[livedemo00.template-help.com/wt_58985_v1/images/modern-blog-3-570x339.jpg]
[livedemo00.template-help.com/wt_58985_v1/images/modern-blog-4-570x383.jpg]
[livedemo00.template-help.com/wt_58985_v1/modern_blog.html]
[livedemo00.template-help.com/wt_58985_v1/images/blog-post-1-770x519.jpg]
[livedemo00.template-help.com/wt_58985_v1/images/blog-post-2-70x70.jpg]
[livedemo00.template-help.com/wt_58985_v1/images/blog-post-3-70x70.jpg]
[livedemo00.template-help.com/wt_58985_v1/blog-post.html]
[livedemo00.template-help.com/wt_58985_v1/contacts.html]
[livedemo00.template-help.com/wt_58985_v1/blog.html]
[www.googletagmanager.com/gtm5445.html]
[livedemo00.template-help.com/wt_58985_v1/fonts/fontawesome-webfont3295.svg]
[livedemo00.template-help.com/wt_58985_v1/fonts/materialdesignicons-webfont14e6.svg]
